// Jest Snapshot v1, https://goo.gl/fbAQLP

exports[`known base color snapshots generates a stable palette for blue (#3b82f6) 1`] = `
{
  "100": "#cbeaff",
  "200": "#a5d2ff",
  "300": "#7ab4ff",
  "400": "#4e92ff",
  "50": "#e3f7ff",
  "500": "#2a71e4",
  "600": "#0c58c8",
  "700": "#0040a8",
  "800": "#002a85",
  "900": "#001b62",
  "950": "#00093e",
}
`;

exports[`known base color snapshots generates a stable palette for green (#22c55e) 1`] = `
{
  "100": "#c4f7cd",
  "200": "#99e6a8",
  "300": "#62cf7d",
  "400": "#12b352",
  "50": "#e0ffe4",
  "500": "#00942d",
  "600": "#007b0d",
  "700": "#006200",
  "800": "#004900",
  "900": "#003300",
  "950": "#001c00",
}
`;

exports[`known base color snapshots generates a stable palette for red (#ef4444) 1`] = `
{
  "100": "#ffd3cc",
  "200": "#ffb0a7",
  "300": "#ff857c",
  "400": "#f75652",
  "50": "#ffe8e3",
  "500": "#d72930",
  "600": "#ba0015",
  "700": "#9a0000",
  "800": "#770000",
  "900": "#570000",
  "950": "#350000",
}
`;

exports[`known base color snapshots generates a stable palette for slate (#64748b) 1`] = `
{
  "100": "#e1e8f3",
  "200": "#c7d2e1",
  "300": "#a7b5c9",
  "400": "#8797ad",
  "50": "#f1f5fc",
  "500": "#687990",
  "600": "#526178",
  "700": "#3d4b60",
  "800": "#2a3647",
  "900": "#1b2532",
  "950": "#0b121b",
}
`;
