// Jest Snapshot v1, https://goo.gl/fbAQLP

exports[`known base color snapshots generates a stable palette for blue (#3b82f6) 1`] = `
{
  "100": "#cceaff",
  "200": "#a7d2ff",
  "300": "#7bb4ff",
  "400": "#5192fe",
  "50": "#e5f6ff",
  "500": "#2a71e4",
  "600": "#0757ca",
  "700": "#003faa",
  "800": "#002a86",
  "900": "#001b62",
  "950": "#000b3a",
}
`;

exports[`known base color snapshots generates a stable palette for green (#22c55e) 1`] = `
{
  "100": "#c6f6ce",
  "200": "#9be6aa",
  "300": "#65ce7f",
  "400": "#20b255",
  "50": "#e2fee6",
  "500": "#00942d",
  "600": "#007b08",
  "700": "#006200",
  "800": "#004900",
  "900": "#003300",
  "950": "#001b00",
}
`;

exports[`known base color snapshots generates a stable palette for red (#ef4444) 1`] = `
{
  "100": "#ffd4cd",
  "200": "#ffb1a8",
  "300": "#ff867e",
  "400": "#f45955",
  "50": "#ffeae6",
  "500": "#d72930",
  "600": "#bb0011",
  "700": "#9b0000",
  "800": "#780000",
  "900": "#570000",
  "950": "#320000",
}
`;

exports[`known base color snapshots generates a stable palette for slate (#64748b) 1`] = `
{
  "100": "#e2e8f2",
  "200": "#c8d2e1",
  "300": "#a8b5c9",
  "400": "#8796ad",
  "50": "#f1f5fb",
  "500": "#687990",
  "600": "#526178",
  "700": "#3d4b60",
  "800": "#2a3647",
  "900": "#1b2532",
  "950": "#0c121b",
}
`;
